helpfile.are
deity_help.are
limbo.are
foundry.are
gremlinlair.are
river.are
gloomy.are
plains_north.are
moc.are
immquest.are
purgator.are
loe.are
som.are
cob.are
wastelands.are
trv.are
new_ofcol.are
east_of_draagdim.are
immquest2.are
olympus.are
aesir.are
air.are
shire.are
hitower.are
gnome.are
wyvern.are
haven.are
astral.are
dwarven_catacombs.are
hood.are
draconia.are
mahntor.are
ultima.are
pyramid.are
sets.are
trollden.are
midgaard.are
chapel.are
midennir.are
grave.are
school.are
rats.are
moria.are
cathedral.are
circus.are
ambush.are
juargan.are
eastern_desert.are
drow.are
thalos.are
old_thalos.are
ofcol.are
apoc.are
haon.are
arachnos.are
dwarven.are
daycare.are
sewer.are
abyss.are
valley_elves.are
redferne.are
nirvana.are
marsh.are
ghost_town.are
grove.are
canyon.are
harpy.are
galaxy.are
fleshmonger.are
vamp_catacombs.are
cult.are
yggdrasil.are
kaladim.are
crystal.are
witch.are
solace.are
descent.are
lotus_temple.are
bot_data.are
darkwood.are
magicgarden.are
highland.are
quake.are
mrinthas.are
three_trials.are
catacombs.are
heltower.are
dreams.are
pit.are
cyclops.are
arena.are
zyklor_tower.are
portal.are
mtdoom.are
warkeep.are
underdark.are
shadow_keep.are
ancalador.are
pirates_seas.are
pirates_isles.are
smuggler.are
deathdun.are
forest.are
desert_of_despair.are
leanon.are
plains_south.are
sentinel.are
frozen_lands.are
sea_deception.are
mirror_realm.are
dragonquest.are
mounts.are
goblin_caves.are
shaolin.are
goblin_fortress.are
golem.are
dwarven_home.are
vamp_vale.are
demondium.are
city_thieves.are
yitrite.are
kahsis.are
argent.are
adventurers_guild.are
tentusks.are
vamp_hive.are
whitevoid.are
arcanum.are
thoran.are
undersea.are
shadowsea.are
sahuagin_market.are
sahuagin_res_south.are
sahuagin_res_north.are
sahuagin_canals.are
sahuagin_arena_jail.are
sahuagin_military.are
sahuagin_prince.are
draagdim.are
arikasbab.are
omu_canals.are
eeriewoods.are
freeport.are
prince_fortress.are
lemmings.are
krondor.are
kerofk.are
theswampofdespair.are
bastion.are
anon.are
anon_walls.are
swamp_conn.are
herolist.are
tabernacle.are
hod.are
tpi.are
$
