helpfile.are
deity_help.are
limbo.are
foundry.are
gremlinlair.are
ocean.are
gloomy.are
plains.are
moc.are
immquest.are
purgator.are
loe.are
som.are
cob.are
wastelands.are
trv.are
ofcol2.are
east_of_draagdim.are
immquest2.are
olympus.are
aesir.are
air.are
shire.are
hitower.are
gnome.are
wyvern.are
haven.are
astral.are
catacomb.are
hood.are
draconia.are
mahntor.are
ultima.are
pyramid.are
sets.are
trollden.are
midgaard.are
chapel.are
midennir.are
grave.are
school.are
rats.are
moria.are
cathenvy.are
circus.are
ambushed.are
juargan.are
eastern.are
drow.are
thalos.are
mirror.are
ofcol.are
apoc.are
haon.are
arachnos.are
dwarven.are
daycare.are
sewer.are
abyss.are
valley.are
redferne.are
nirvana.are
marsh.are
gtown1.are
grove.are
canyon.are
harpy.are
galaxy.are
fleshmonger.are
vampcat.are
cult.are
tree.are
kaladim.are
crystal.are
witch.are
solace.are
descent.are
white.are
bot_data.are
darkwood.are
magicgarden.are
highland.are
quake.are
mrinthas.are
three_trials.are
dungeons.are
heltower.are
deserts.are
pit.are
cyclops.are
arena.are
tower.are
portal.are
mtdoom2.are
warkeep.are
under2.are
shadow.are
ancalador.are
seaenvy.are
pirates.are
smuggler.are
deathdun.are
klaelo2.are
desert_of_despair.are
leanon.are
plains2.are
sentinel.are
frozen_lands.are
grim_se1.are
mirror2.are
quest1.are
mounts.are
goblins.are
shaolin.are
fortress.are
golem.are
dhome.are
vampcat3.are
demondium.are
citie.are
yitrite.are
kahsis.are
argent.are
adventurers_guild.are
tentusks.are
vampcat4.are
whitevoid.are
arcanum.are
thoran.are
undersea.are
shadowsea.are
sahuagin_market.are
sahuagin_res_south.are
sahuagin_res_north.are
sahuagin_canals.are
sahuagin_arena_jail.are
sahuagin_military.are
sahuagin_prince.are
draagdim.are
arikasbab.are
eeriewoods.are
freeport.are
usurper.are
lemmings2.are
krondor.are
kerofk.are
theswampofdespair.are
bastion.are
tcwn.are
tcwn2.are
sconn.are
herolist.are
tabernacle.are
hod.are
tpi.are
$
